Hint: used config file '/Users/alex/.choosenim/toolchains/nim-2.3.1/config/nim.cfg' [Conf]
Hint: used config file '/Users/alex/.choosenim/toolchains/nim-2.3.1/config/config.nims' [Conf]
....................................................................................................................................
/Users/alex/areas/productive/orchestration/src/structured_log.nim(6, 30) Warning: imported and not used: 'os' [UnusedImport]
.......
/Users/alex/areas/productive/orchestration/src/codex_json.nim(634, 6) Hint: 'parse_reasoning_effort' is declared but not used [XDeclaredButNotUsed]
/Users/alex/areas/productive/orchestration/src/codex_json.nim(686, 6) Hint: 'parse_initialize_params' is declared but not used [XDeclaredButNotUsed]
/Users/alex/areas/productive/orchestration/src/codex_json.nim(723, 6) Hint: 'parse_thread_start_params' is declared but not used [XDeclaredButNotUsed]
..........
/Users/alex/areas/productive/orchestration/src/vecherinka_runtime.nim(10, 8) Hint: duplicate import of 'structured_log'; previous import here: /Users/alex/areas/productive/orchestration/src/vecherinka.nim(5, 8) [DuplicateModuleImport]
.
/Users/alex/areas/productive/orchestration/src/vecherinka_comptime.nim(4, 33) Hint: duplicate import of 'options'; previous import here: /Users/alex/areas/productive/orchestration/src/vecherinka_runtime.nim(6, 19) [DuplicateModuleImport]
/Users/alex/areas/productive/orchestration/src/vecherinka_comptime.nim(4, 42) Hint: duplicate import of 'strutils'; previous import here: /Users/alex/areas/productive/orchestration/src/vecherinka_runtime.nim(6, 43) [DuplicateModuleImport]
..................................

type
  VecherinkaArtifactKind_553648499 = enum
    vak_0, vak_1
  VecherinkaArtifact_553648500 = object
    case kind: VecherinkaArtifactKind_553648499
    of vak_0:
      value_0: BaselineInput
    of vak_1:
      value_1: BaselineOutput
proc solve(input_553648710: BaselineInput;
           transport_553648711: LlmTransport[VecherinkaArtifact_553648500] = nil;
           logger_553648712: StructuredLogger = nil): BaselineOutput =
  let data_553648713: seq[Flow[VecherinkaArtifact_553648500]] = @[Flow[
      VecherinkaArtifact_553648500](kind: fk_top, root: "baseline", entry: true, body: Flow[
      VecherinkaArtifact_553648500](kind: fk_model, submit: proc (
      model_context_553648661: RuntimeContext[VecherinkaArtifact_553648500];
      model_request_id_553648662: RequestId; model_input_553648663: VecherinkaArtifact_553648500;
      model_working_dir_553648664: Path) {.nimcall.} =
    let model_typed_input_553648665 = block:
      let artifact_553648667 = model_input_553648663
      const
        loc`gensym25 = (filename: "/Users/alex/areas/productive/orchestration/src/vecherinka_comptime.nim",
          line: 1934, column: 6)
        ploc`gensym25 = "/Users/alex/areas/productive/orchestration/src/vecherinka_comptime.nim(1934, 7)"
      bind instantiationInfo
      mixin failedAssertImpl
      {.line: (filename: "/Users/alex/areas/productive/orchestration/src/vecherinka_comptime.nim",
               line: 1934, column: 6).}:
        if not (artifact_553648667.kind == vak_0):
          failedAssertImpl("/Users/alex/areas/productive/orchestration/src/vecherinka_comptime.nim(1934, 7) `artifact_553648667.kind == vak_0` ")
      artifact_553648667.value_0
    try:
      let model_materialized_input_553648666 = proc (
          materializer_input_553648668: BaselineInput;
          materializer_runtime_dir_553648669, materializer_artifact_dir_553648670: Path;
          materializer_initial_instructions_553648671: string): string {.nimcall.} = result =
        var materialized_instructions_553648672 = materializer_initial_instructions_553648671
        var materialized_names_553648673: seq[string] = @[]
        add(materialized_instructions_553648672,
            "input.marker: string = " & $materializer_input_553648668.marker & "\n")
        materialized_instructions_553648672(model_typed_input_553648665,
          model_context_553648661.runtime_dir, model_working_dir_553648664, "")
      let model_output_contract_553648698 = schemaOf(T)
      let model_output_schema_553648699 = toJsonSchema(model_output_contract_553648698)
      let model_materializer_553648700 = proc (model_output_kind_553648623: int;
          model_output_553648624: LlmOutput): ModelMaterialization[
          VecherinkaArtifact_553648500] {.nimcall, noinit.} = case model_output_kind_553648623
      of 1:
        let model_output_contract_553648625 = schemaOf(T)
        let model_parsed_output_553648626 = tryParse(model_output_contract_553648625,
            model_output_553648624.arguments)
        if not model_parsed_output_553648626.ok:
          return ModelMaterialization[VecherinkaArtifact_553648500](ok: false, error: "invalid finish_work result (" &
              $len(model_parsed_output_553648626.issues) &
              " schema issues)")
        var location_errors_553648636 = ""
        if (
          not (len(location_errors_553648636) == 0)):
          return ModelMaterialization[VecherinkaArtifact_553648500](ok: false,
              error: "invalid finish_work locations: " & location_errors_553648636)
        return ModelMaterialization[VecherinkaArtifact_553648500](ok: true, value: VecherinkaArtifact_553648500(
            kind: vak_1, value_1: model_parsed_output_553648626.value))
      else:
        return ModelMaterialization[VecherinkaArtifact_553648500](ok: false,
            error: "unexpected model output kind")
      let model_tool_data_553648701 = register_llm_tool_binding(
          cast[pointer](model_context_553648661), model_request_id_553648662, 1,
          cast[pointer](model_materializer_553648700))
      var model_tools_553648702: DynamicToolRegistry = @[]
      register_dynamic_tool(model_tools_553648702, "finish_work", default_agent_prompt_templates.finish_work_description,
                            model_output_schema_553648699, model_tool_data_553648701, proc (
          tool_data`gensym11: pointer; tool_context`gensym11: ToolCallContext) {.
          nimcall, gcsafe.} = {.cast(gcsafe).}:
        let binding`gensym11 = lookup_llm_tool_binding(tool_data`gensym11)
        if isNone(binding`gensym11):
          return
        let data`gensym11 = get(binding`gensym11)
        enqueue_llm_output_event(cast[RuntimeContext[VecherinkaArtifact_553648500]](data`gensym11.context),
                                 data`gensym11.request_id,
                                 data`gensym11.output_kind, cast[ModelMaterializer[
            VecherinkaArtifact_553648500]](data`gensym11.materializer),
                                 data`gensym11.id, tool_context`gensym11))
      let llm_spec_553648707 = LlmCallSpec[VecherinkaArtifact_553648500](
          profile: profile,
          prompt: "Copy marker exactly into answer. Do not create files.",
          prompt_templates: default_agent_prompt_templates,
          materialized_input: model_materialized_input_553648666,
          runtime_dir: model_context_553648661.runtime_dir,
          working_dir: model_working_dir_553648664, tools: model_tools_553648702,
          output_kind: 1, materialize: model_materializer_553648700)
      submit_llm(model_context_553648661, model_request_id_553648662, llm_spec_553648707)
    except CatchableError as error`gensym14:
      let event`gensym14 = RuntimeEvent[VecherinkaArtifact_553648500](
          kind: rev_model_error, request_id: model_request_id_553648662,
          error_message: error`gensym14.msg)
      enqueue_runtime_event(model_context_553648661, event`gensym14)))]
  let input_artifact_553648714 = VecherinkaArtifact_553648500(kind: vak_0,
      value_0: input_553648710)
  let work_plan_553648715 = execute_flows(data_553648713, input_artifact_553648714,
      nil, transport_553648711, nil, logger_553648712)
  if isNone(work_plan_553648715.output):
    if isSome(work_plan_553648715.failure_message):
      raise
        (ref ValueError)(msg: get(work_plan_553648715.failure_message),
                         parent: nil)
    raise
      (ref ValueError)(msg: "vecherinka execution completed without output",
                       parent: nil)
  return block:
    let artifact_553648716 = lookup_artifact(work_plan_553648715.context,
        get(work_plan_553648715.output)).data
    const
      loc`gensym238 = (filename: "/Users/alex/areas/productive/orchestration/src/vecherinka_comptime.nim",
        line: 1934, column: 6)
      ploc`gensym238 = "/Users/alex/areas/productive/orchestration/src/vecherinka_comptime.nim(1934, 7)"
    bind instantiationInfo
    mixin failedAssertImpl
    {.line: (filename: "/Users/alex/areas/productive/orchestration/src/vecherinka_comptime.nim",
             line: 1934, column: 6).}:
      if not (artifact_553648716.kind == vak_1):
        failedAssertImpl("/Users/alex/areas/productive/orchestration/src/vecherinka_comptime.nim(1934, 7) `artifact_553648716.kind == vak_1` ")
    artifact_553648716.value_1


type
  VecherinkaArtifactKind_553687870 = enum
    vak_0, vak_1
  VecherinkaArtifact_553687871 = object
    case kind: VecherinkaArtifactKind_553687870
    of vak_0:
      value_0: Stage1Input
    of vak_1:
      value_1: Stage1Output
proc solve_stage_1(input_553687934: Stage1Input;
                   transport_553687935: LlmTransport[VecherinkaArtifact_553687871] = nil;
                   logger_553687936: StructuredLogger = nil): Stage1Output =
  let data_553687937: seq[Flow[VecherinkaArtifact_553687871]] = @[Flow[
      VecherinkaArtifact_553687871](kind: fk_top, root: "copy_fields",
                                    entry: true, body: Flow[VecherinkaArtifact_553687871](
      kind: fk_model, submit: proc (model_context_553687901: RuntimeContext[
      VecherinkaArtifact_553687871]; model_request_id_553687902: RequestId;
                                    model_input_553687903: VecherinkaArtifact_553687871;
                                    model_working_dir_553687904: Path) {.nimcall.} =
    let model_typed_input_553687905 = block:
      let artifact_553687907 = model_input_553687903
      const
        loc`gensym265 = (filename: "/Users/alex/areas/productive/orchestration/src/vecherinka_comptime.nim",
          line: 1934, column: 6)
        ploc`gensym265 = "/Users/alex/areas/productive/orchestration/src/vecherinka_comptime.nim(1934, 7)"
      bind instantiationInfo
      mixin failedAssertImpl
      {.line: (filename: "/Users/alex/areas/productive/orchestration/src/vecherinka_comptime.nim",
               line: 1934, column: 6).}:
        if not (artifact_553687907.kind == vak_0):
          failedAssertImpl("/Users/alex/areas/productive/orchestration/src/vecherinka_comptime.nim(1934, 7) `artifact_553687907.kind == vak_0` ")
      artifact_553687907.value_0
    try:
      let model_materialized_input_553687906 = proc (
          materializer_input_553687908: Stage1Input;
          materializer_runtime_dir_553687909, materializer_artifact_dir_553687910: Path;
          materializer_initial_instructions_553687911: string): string {.nimcall.} = result =
        var materialized_instructions_553687912 = materializer_initial_instructions_553687911
        var materialized_names_553687913: seq[string] = @[]
        add(materialized_instructions_553687912,
            "input.first: string = " & $materializer_input_553687908.first & "\n")
        add(materialized_instructions_553687912,
            "input.second: string = " & $materializer_input_553687908.second & "\n")
        materialized_instructions_553687912(model_typed_input_553687905,
          model_context_553687901.runtime_dir, model_working_dir_553687904, "")
      let model_output_contract_553687922 = schemaOf(T)
      let model_output_schema_553687923 = toJsonSchema(model_output_contract_553687922)
      let model_materializer_553687924 = proc (model_output_kind_553687880: int;
          model_output_553687881: LlmOutput): ModelMaterialization[
          VecherinkaArtifact_553687871] {.nimcall, noinit.} = case model_output_kind_553687880
      of 1:
        let model_output_contract_553687882 = schemaOf(T)
        let model_parsed_output_553687883 = tryParse(model_output_contract_553687882,
            model_output_553687881.arguments)
        if not model_parsed_output_553687883.ok:
          return ModelMaterialization[VecherinkaArtifact_553687871](ok: false, error: "invalid finish_work result (" &
              $len(model_parsed_output_553687883.issues) &
              " schema issues)")
        var location_errors_553687892 = ""
        if (
          not (len(location_errors_553687892) == 0)):
          return ModelMaterialization[VecherinkaArtifact_553687871](ok: false,
              error: "invalid finish_work locations: " & location_errors_553687892)
        return ModelMaterialization[VecherinkaArtifact_553687871](ok: true, value: VecherinkaArtifact_553687871(
            kind: vak_1, value_1: model_parsed_output_553687883.value))
      else:
        return ModelMaterialization[VecherinkaArtifact_553687871](ok: false,
            error: "unexpected model output kind")
      let model_tool_data_553687925 = register_llm_tool_binding(
          cast[pointer](model_context_553687901), model_request_id_553687902, 1,
          cast[pointer](model_materializer_553687924))
      var model_tools_553687926: DynamicToolRegistry = @[]
      register_dynamic_tool(model_tools_553687926, "finish_work", default_agent_prompt_templates.finish_work_description,
                            model_output_schema_553687923, model_tool_data_553687925, proc (
          tool_data`gensym251: pointer; tool_context`gensym251: ToolCallContext) {.
          nimcall, gcsafe.} = {.cast(gcsafe).}:
        let binding`gensym251 = lookup_llm_tool_binding(tool_data`gensym251)
        if isNone(binding`gensym251):
          return
        let data`gensym251 = get(binding`gensym251)
        enqueue_llm_output_event(cast[RuntimeContext[VecherinkaArtifact_553687871]](data`gensym251.context),
                                 data`gensym251.request_id,
                                 data`gensym251.output_kind, cast[ModelMaterializer[
            VecherinkaArtifact_553687871]](data`gensym251.materializer),
                                 data`gensym251.id, tool_context`gensym251))
      let llm_spec_553687931 = LlmCallSpec[VecherinkaArtifact_553687871](
          profile: profile, prompt: "Copy first into first_copy and second into second_copy. Do not create files.",
          prompt_templates: default_agent_prompt_templates,
          materialized_input: model_materialized_input_553687906,
          runtime_dir: model_context_553687901.runtime_dir,
          working_dir: model_working_dir_553687904, tools: model_tools_553687926,
          output_kind: 1, materialize: model_materializer_553687924)
      submit_llm(model_context_553687901, model_request_id_553687902, llm_spec_553687931)
    except CatchableError as error`gensym254:
      let event`gensym254 = RuntimeEvent[VecherinkaArtifact_553687871](
          kind: rev_model_error, request_id: model_request_id_553687902,
          error_message: error`gensym254.msg)
      enqueue_runtime_event(model_context_553687901, event`gensym254)))]
  let input_artifact_553687938 = VecherinkaArtifact_553687871(kind: vak_0,
      value_0: input_553687934)
  let work_plan_553687939 = execute_flows(data_553687937, input_artifact_553687938,
      nil, transport_553687935, nil, logger_553687936)
  if isNone(work_plan_553687939.output):
    if isSome(work_plan_553687939.failure_message):
      raise
        (ref ValueError)(msg: get(work_plan_553687939.failure_message),
                         parent: nil)
    raise
      (ref ValueError)(msg: "vecherinka execution completed without output",
                       parent: nil)
  return block:
    let artifact_553687940 = lookup_artifact(work_plan_553687939.context,
        get(work_plan_553687939.output)).data
    const
      loc`gensym448 = (filename: "/Users/alex/areas/productive/orchestration/src/vecherinka_comptime.nim",
        line: 1934, column: 6)
      ploc`gensym448 = "/Users/alex/areas/productive/orchestration/src/vecherinka_comptime.nim(1934, 7)"
    bind instantiationInfo
    mixin failedAssertImpl
    {.line: (filename: "/Users/alex/areas/productive/orchestration/src/vecherinka_comptime.nim",
             line: 1934, column: 6).}:
      if not (artifact_553687940.kind == vak_1):
        failedAssertImpl("/Users/alex/areas/productive/orchestration/src/vecherinka_comptime.nim(1934, 7) `artifact_553687940.kind == vak_1` ")
    artifact_553687940.value_1

CC: system/dollars.nim
CC: system.nim
CC: std/cmdline.nim
CC: tables.nim
CC: schematic-0.6.0-0399eebef41d9fcb4520a58a452733089419fbb3/schematic.nim
CC: vecherinka.nim
CC: vecherinka_stepping_stone_tests.nim
Hint:  [Link]
Hint: mm: orc; threads: on; opt: none (DEBUG BUILD, `-d:release` generates faster code)
103780 lines; 3.585s; 327.219MiB peakmem; proj: /Users/alex/areas/productive/orchestration/src/vecherinka_stepping_stone_tests.nim; out: /Users/alex/areas/productive/orchestration/src/vecherinka_stepping_stone_tests [SuccessX]
Hint: /Users/alex/areas/productive/orchestration/src/vecherinka_stepping_stone_tests -- stage-1 [Exec]
/Users/alex/areas/productive/orchestration/src/vecherinka_stepping_stone_tests.nim(52) vecherinka_stepping_stone_tests
Error: unhandled exception: unknown stepping stage: -- [ValueError]
Error: execution of an external program failed: '/Users/alex/areas/productive/orchestration/src/vecherinka_stepping_stone_tests -- stage-1'
